[36mvite v4.5.14 [32mbuilding for production...[36m[39m
transforming...
[32m✓[39m 7414 modules transformed.
rendering chunks...
computing gzip size...
[2mdist/[22m[32mindex.html                                 [39m[1m[2m 11.15 kB[22m[1m[22m[2m │ gzip:   3.82 kB[22m
[2mdist/[22m[35massets/index-c6dd1821.css                  [39m[1m[2m120.29 kB[22m[1m[22m[2m │ gzip:  19.13 kB[22m
[2mdist/[22m[36massets/zap-30001f78.js                     [39m[1m[2m  0.15 kB[22m[1m[22m[2m │ gzip:   0.15 kB[22m
[2mdist/[22m[36massets/arrow-left-958454db.js              [39m[1m[2m  0.16 kB[22m[1m[22m[2m │ gzip:   0.16 kB[22m
[2mdist/[22m[36massets/arrow-right-963204ac.js             [39m[1m[2m  0.16 kB[22m[1m[22m[2m │ gzip:   0.16 kB[22m
[2mdist/[22m[36massets/search-34ff8796.js                  [39m[1m[2m  0.16 kB[22m[1m[22m[2m │ gzip:   0.16 kB[22m
[2mdist/[22m[36massets/clock-e558ff23.js                   [39m[1m[2m  0.18 kB[22m[1m[22m[2m │ gzip:   0.16 kB[22m
[2mdist/[22m[36massets/pen-line-7b5d9c39.js                [39m[1m[2m  0.19 kB[22m[1m[22m[2m │ gzip:   0.17 kB[22m
[2mdist/[22m[36massets/info-118fc9ee.js                    [39m[1m[2m  0.20 kB[22m[1m[22m[2m │ gzip:   0.17 kB[22m
[2mdist/[22m[36massets/star-28ac8532.js                    [39m[1m[2m  0.21 kB[22m[1m[22m[2m │ gzip:   0.18 kB[22m
[2mdist/[22m[36massets/mail-223dc523.js                    [39m[1m[2m  0.21 kB[22m[1m[22m[2m │ gzip:   0.20 kB[22m
[2mdist/[22m[36massets/target-414c6d1b.js                  [39m[1m[2m  0.22 kB[22m[1m[22m[2m │ gzip:   0.16 kB[22m
[2mdist/[22m[36massets/alert-circle-6b3dfc8c.js            [39m[1m[2m  0.25 kB[22m[1m[22m[2m │ gzip:   0.18 kB[22m
[2mdist/[22m[36massets/shopping-bag-9b367235.js            [39m[1m[2m  0.25 kB[22m[1m[22m[2m │ gzip:   0.20 kB[22m
[2mdist/[22m[36massets/alert-triangle-f2ab9e87.js          [39m[1m[2m  0.26 kB[22m[1m[22m[2m │ gzip:   0.21 kB[22m
[2mdist/[22m[36massets/flame-df6dfe8b.js                   [39m[1m[2m  0.28 kB[22m[1m[22m[2m │ gzip:   0.22 kB[22m
[2mdist/[22m[36massets/calendar-253f8b2b.js                [39m[1m[2m  0.31 kB[22m[1m[22m[2m │ gzip:   0.21 kB[22m
[2mdist/[22m[36massets/trending-up-c91cd0c5.js             [39m[1m[2m  0.32 kB[22m[1m[22m[2m │ gzip:   0.25 kB[22m
[2mdist/[22m[36massets/share-2-990b9595.js                 [39m[1m[2m  0.35 kB[22m[1m[22m[2m │ gzip:   0.23 kB[22m
[2mdist/[22m[36massets/scale-0c5d1d05.js                   [39m[1m[2m  0.36 kB[22m[1m[22m[2m │ gzip:   0.23 kB[22m
[2mdist/[22m[36massets/sparkles-9e940a76.js                [39m[1m[2m  0.42 kB[22m[1m[22m[2m │ gzip:   0.25 kB[22m
[2mdist/[22m[36massets/package-check-21df0951.js           [39m[1m[2m  0.42 kB[22m[1m[22m[2m │ gzip:   0.28 kB[22m
[2mdist/[22m[36massets/CategoryPage-828fea2d.js            [39m[1m[2m  0.44 kB[22m[1m[22m[2m │ gzip:   0.32 kB[22m
[2mdist/[22m[36massets/droplets-d6dd0e2f.js                [39m[1m[2m  0.45 kB[22m[1m[22m[2m │ gzip:   0.32 kB[22m
[2mdist/[22m[36massets/textarea-3bbc805f.js                [39m[1m[2m  0.48 kB[22m[1m[22m[2m │ gzip:   0.32 kB[22m
[2mdist/[22m[36massets/SkeletonBase-54cde808.js            [39m[1m[2m  0.55 kB[22m[1m[22m[2m │ gzip:   0.35 kB[22m
[2mdist/[22m[36massets/dumbbell-7f656d82.js                [39m[1m[2m  0.76 kB[22m[1m[22m[2m │ gzip:   0.34 kB[22m
[2mdist/[22m[36massets/PremiumIcon-445b4b8c.js             [39m[1m[2m  1.34 kB[22m[1m[22m[2m │ gzip:   0.62 kB[22m
[2mdist/[22m[36massets/SEO-0ee2d9f4.js                     [39m[1m[2m  1.39 kB[22m[1m[22m[2m │ gzip:   0.59 kB[22m
[2mdist/[22m[36massets/PlaceholderPage-b3b5617f.js         [39m[1m[2m  1.47 kB[22m[1m[22m[2m │ gzip:   0.83 kB[22m
[2mdist/[22m[36massets/wellnessArticleService-acda2905.js  [39m[1m[2m  1.89 kB[22m[1m[22m[2m │ gzip:   0.98 kB[22m
[2mdist/[22m[36massets/formValidation-65b77e60.js          [39m[1m[2m  1.98 kB[22m[1m[22m[2m │ gzip:   0.90 kB[22m
[2mdist/[22m[36massets/ProductNeedSearch-326f64eb.js       [39m[1m[2m  2.50 kB[22m[1m[22m[2m │ gzip:   1.26 kB[22m
[2mdist/[22m[36massets/WellnessArticlePage-54a6bda9.js     [39m[1m[2m  3.14 kB[22m[1m[22m[2m │ gzip:   1.45 kB[22m
[2mdist/[22m[36massets/CategoriesPage-37eb3637.js          [39m[1m[2m  4.04 kB[22m[1m[22m[2m │ gzip:   1.72 kB[22m
[2mdist/[22m[36massets/ShippingPage-31064290.js            [39m[1m[2m  6.23 kB[22m[1m[22m[2m │ gzip:   2.23 kB[22m
[2mdist/[22m[36massets/BlogPostPage-522b7667.js            [39m[1m[2m  6.67 kB[22m[1m[22m[2m │ gzip:   2.47 kB[22m
[2mdist/[22m[36massets/ProductosFuxionPage-9403a300.js     [39m[1m[2m  9.89 kB[22m[1m[22m[2m │ gzip:   3.14 kB[22m
[2mdist/[22m[36massets/confetti-a87bd7f7.js                [39m[1m[2m 11.19 kB[22m[1m[22m[2m │ gzip:   4.45 kB[22m
[2mdist/[22m[36massets/WellnessPage-3c1a20d7.js            [39m[1m[2m 13.28 kB[22m[1m[22m[2m │ gzip:   4.18 kB[22m
[2mdist/[22m[36massets/CookiesPolicyPage-13405ad0.js       [39m[1m[2m 13.80 kB[22m[1m[22m[2m │ gzip:   4.36 kB[22m
[2mdist/[22m[36massets/EvidencePage-843d2b77.js            [39m[1m[2m 14.75 kB[22m[1m[22m[2m │ gzip:   5.07 kB[22m
[2mdist/[22m[36massets/ContactPage-4e40add4.js             [39m[1m[2m 15.45 kB[22m[1m[22m[2m │ gzip:   4.76 kB[22m
[2mdist/[22m[36massets/ProductPage-83713d35.js             [39m[1m[2m 15.58 kB[22m[1m[22m[2m │ gzip:   4.25 kB[22m
[2mdist/[22m[36massets/Helmet-f2c6dc86.js                  [39m[1m[2m 17.17 kB[22m[1m[22m[2m │ gzip:   6.38 kB[22m
[2mdist/[22m[36massets/ExplorePage-cdc40991.js             [39m[1m[2m 17.21 kB[22m[1m[22m[2m │ gzip:   5.91 kB[22m
[2mdist/[22m[36massets/HelpCenterPage-fb2e4f74.js          [39m[1m[2m 17.22 kB[22m[1m[22m[2m │ gzip:   5.28 kB[22m
[2mdist/[22m[36massets/AccountPage-75dcff13.js             [39m[1m[2m 18.94 kB[22m[1m[22m[2m │ gzip:   6.37 kB[22m
[2mdist/[22m[36massets/PrivacyPolicyPage-5c06ec4e.js       [39m[1m[2m 19.42 kB[22m[1m[22m[2m │ gzip:   5.41 kB[22m
[2mdist/[22m[36massets/CartPage-e957e65d.js                [39m[1m[2m 19.43 kB[22m[1m[22m[2m │ gzip:   6.87 kB[22m
[2mdist/[22m[36massets/HomePage-700a8685.js                [39m[1m[2m 28.63 kB[22m[1m[22m[2m │ gzip:   7.39 kB[22m
[2mdist/[22m[36massets/SupportPage-0cc18067.js             [39m[1m[2m 32.04 kB[22m[1m[22m[2m │ gzip:   7.77 kB[22m
[2mdist/[22m[36massets/OpportunityPage-7a7acd67.js         [39m[1m[2m 38.74 kB[22m[1m[22m[2m │ gzip:  10.64 kB[22m
[2mdist/[22m[36massets/FaqPage-fcaf1007.js                 [39m[1m[2m 55.58 kB[22m[1m[22m[2m │ gzip:  10.89 kB[22m
[2mdist/[22m[36massets/index-db06e67e.js                   [39m[1m[33m925.44 kB[39m[22m[2m │ gzip: 285.40 kB[22m
[32m✓ built in 2m 38s[39m
