[2026-07-20T19:28:51.815Z] cidos-grasos-de-cadena-corta-butirato: deepseekProvider is not defined
[2026-07-20T19:29:25.470Z] cidos-grasos-de-cadena-corta-butirato: fetch failed
[2026-07-20T19:31:03.486Z] cidos-grasos-de-cadena-corta-butirato: fetch failed
[2026-07-20T19:31:40.254Z] cidos-grasos-de-cadena-corta-butirato: deepseekProvider is not defined
[2026-07-20T19:53:25.718Z] metabolismo-de-los-cidos-biliares: Cannot read properties of undefined (reading 'replace')
[2026-07-20T19:53:55.193Z] alergias-alimentarias-y-respuesta-ige: Cannot read properties of undefined (reading 'replace')
[2026-07-20T19:54:24.020Z] eje-intestino-cerebro-v-as-de-comunicaci-n-bidireccional-y-neurotransmisores-ent-ricos: Cannot read properties of undefined (reading 'replace')
[2026-07-20T19:54:46.608Z] eje-intestino-hgado: Cannot read properties of undefined (reading 'replace')
[2026-07-20T19:55:29.695Z] intolerancia-a-la-lactosa-gentica-vs-adquirida: Cannot read properties of undefined (reading 'replace')
[2026-07-20T19:58:01.372Z] metabolismo-de-los-cidos-biliares: Rechazado por Quality Gate: Falta la sección obligatoria: ## ¿Qué es
[2026-07-20T20:03:12.062Z] alergias-alimentarias-y-respuesta-ige: OneProvider HTTP Error 504: 
[2026-07-20T20:10:09.332Z] s-ndrome-del-intestino-irritable-sii-eje-intestino-cerebro-y-alteraciones-de-la-motilidad: OneProvider HTTP Error 504: 
[2026-07-20T20:15:37.682Z] histaminosis-entrica: OneProvider HTTP Error 504: 
[2026-07-20T20:28:55.801Z] sustitucion-de-lacteos-enteros-por-bajos-en-grasa-nutricion-metabolismo-y-peso-corporal: OneProvider HTTP Error 504: 
[2026-07-20T20:30:04.973Z] sustitucion-de-lacteos-enteros-por-bajos-en-grasa-nutricion-metabolismo-y-peso-corporal: OneProvider HTTP Error 504: 
[2026-07-20T20:33:03.164Z] caminata-corta-post-comida-nutricion-metabolismo-y-peso-corporal: Rechazado por Quality Gate: Falta la sección obligatoria: ## Introducción
[2026-07-20T20:42:42.600Z] adopcion-de-la-dieta-mind-nutricion-metabolismo-y-peso-corporal: OneProvider HTTP Error 504: 
[2026-07-20T21:04:32.027Z] entrenamiento-en-flexibilidad-psicologica-nutricion-metabolismo-y-peso-corporal: OneProvider: respuesta sin bloque de texto (solo thinking).
[2026-07-20T21:12:01.566Z] polietilenglicol-salud-intestinal-disbiosis-y-estrenimiento: OneProvider HTTP Error 504: 
[2026-07-20T21:51:08.709Z] linaclotida-o-plecanatida-salud-intestinal-disbiosis-y-estrenimiento: OneProvider HTTP Error 504: 
